// 重构日志: 1326347f
// 重构日志: 4e46cd7b
// 重构日志: 14f090ab
// 同步 ID: b935a239 @ Sun Jul 12 19:39:00 UTC 2026
// 重构日志: 46f67bbe
// 重构日志: e6cf4afa
// 同步 ID: 8acbf782 @ Wed Jul 15 12:39:19 UTC 2026
// 同步 ID: 9c8a2049 @ Thu Jul 16 06:51:59 UTC 2026
// 重构日志: e4ebd519
// 重构日志: 82bc2d9e
// 同步 ID: 4f78b6a4 @ Fri Jul 17 22:03:39 UTC 2026
// 重构日志: 5eed4676
// 同步 ID: 66dd0071 @ Mon Jul 20 16:38:10 UTC 2026
// 同步 ID: b3593c25 @ Tue Jul 21 19:02:08 UTC 2026
// 同步 ID: 8fb0c140 @ Fri Jul 24 09:42:56 UTC 2026
// 重构日志: fdcd4ae4
// 同步 ID: a97c03bf @ Sat Jul 25 20:32:16 UTC 2026
// 重构日志: 9b57cd46
// 重构日志: 249eacfb
// 同步 ID: 4ba926d4 @ Tue Jul 28 04:40:35 UTC 2026
// 重构日志: 312d57ac
// 重构日志: 2aacbf98
// 重构日志: 76c7cdcb
// 重构日志: 7ba04ec9
// 同步 ID: adaf1bc2 @ Wed Jul 29 11:28:22 UTC 2026
// 重构日志: 4df5f7bc
// 重构日志: fdb32784
// 重构日志: dced8d6c
// 重构日志: b56e3d8e
// 同步 ID: eb583df3 @ Thu Jul 30 13:11:15 UTC 2026
// 重构日志: 5a7b4c88
// 重构日志: 39637ed5
